<?xml version="1.0" encoding="utf-8"?><testsuites><testsuite name="pytest" errors="0" failures="0" skipped="0" tests="4" time="3.352" timestamp="2024-09-22T22:32:33.674846+05:30" hostname="krishnastk-mac-mac"><testcase classname="tests.Api_Pet_Store.test_pet_apis.TestPetAPIS" name="test_get_pets[available]" time="1.500" /><testcase classname="tests.Api_Pet_Store.test_pet_apis.TestPetAPIS" name="test_get_pets[pending]" time="1.058" /><testcase classname="tests.Api_Pet_Store.test_pet_apis.TestPetAPIS" name="test_get_pets[sold]" time="0.346" /><testcase classname="tests.Api_Pet_Store.test_pet_apis.TestPetAPIS" name="test_create_pet" time="0.367" /></testsuite></testsuites>